// Jest Snapshot v1, https://goo.gl/fbAQLP

exports[`Should reneder Header component correctly 1`] = `
<header>
  <h1>
    this is the Header Expensify
  </h1>
  <NavLink
    activeClassName="is-active"
    exact={true}
    to="/"
  >
    Home 
  </NavLink>
  <NavLink
    activeClassName="is-active"
    to="/create"
  >
    Create 
  </NavLink>
  <NavLink
    activeClassName="is-active"
    to="/help"
  >
    Help 
  </NavLink>
</header>
`;
